Classes (from meta): 4114
Device: cuda:0 (single GPU)
Sampling strategy: uniform
Train samples: 52388
Val samples:   8433
Actual classes: 3771
Train class freq: min=1 median=2 max=990 mean=13.9
Long-tail: classes with count=1: 1877, count<5: 2736
Loaded pretrained weights: /home/apulis-dev/userdata/lbh/danc/DanC/models/resnet50_imagenet.pth
  Epoch 0 [0/272] loss=8.3318 acc=0.0%
  Epoch 0 [100/272] loss=6.4380 acc=7.2%
  Epoch 0 [200/272] loss=5.8684 acc=11.7%
Epoch 0/59 (34s) train_loss=6.4433 train_acc=0.1398 val_loss=5.7797 val_acc=0.2278 val_top5=0.3663 head=0.238 mid=0.000 tail=0.000 lr=0.000200
  -> New best: 0.2278
  Epoch 1 [0/272] loss=5.8138 acc=22.4%
  Epoch 1 [100/272] loss=5.4527 acc=23.9%
  Epoch 1 [200/272] loss=5.5319 acc=25.2%
Epoch 1/59 (31s) train_loss=5.5629 train_acc=0.2600 val_loss=5.3490 val_acc=0.2987 val_top5=0.4582 head=0.313 mid=0.000 tail=0.000 lr=0.000199
  -> New best: 0.2987
  Epoch 2 [0/272] loss=5.0707 acc=32.3%
  Epoch 2 [100/272] loss=5.2392 acc=31.5%
  Epoch 2 [200/272] loss=5.1538 acc=32.3%
Epoch 2/59 (31s) train_loss=5.1484 train_acc=0.3266 val_loss=5.0776 val_acc=0.3467 val_top5=0.5152 head=0.363 mid=0.000 tail=0.000 lr=0.000199
  -> New best: 0.3467
  Epoch 3 [0/272] loss=4.7078 acc=39.6%
  Epoch 3 [100/272] loss=4.7014 acc=37.1%
  Epoch 3 [200/272] loss=5.0276 acc=37.5%
Epoch 3/59 (31s) train_loss=4.8500 train_acc=0.3753 val_loss=4.9413 val_acc=0.3716 val_top5=0.5411 head=0.389 mid=0.000 tail=0.000 lr=0.000198
  -> New best: 0.3716
  Epoch 4 [0/272] loss=4.3400 acc=46.4%
  Epoch 4 [100/272] loss=4.5628 acc=41.8%
  Epoch 4 [200/272] loss=4.7658 acc=41.5%
Epoch 4/59 (31s) train_loss=4.6183 train_acc=0.4148 val_loss=4.8133 val_acc=0.3989 val_top5=0.5655 head=0.418 mid=0.000 tail=0.000 lr=0.000197
  -> New best: 0.3989
  Epoch 5 [0/272] loss=4.3034 acc=45.3%
  Epoch 5 [100/272] loss=4.4499 acc=45.4%
  Epoch 5 [200/272] loss=4.2452 acc=44.9%
Epoch 5/59 (31s) train_loss=4.4283 train_acc=0.4497 val_loss=4.7104 val_acc=0.4225 val_top5=0.5916 head=0.442 mid=0.012 tail=0.000 lr=0.000195
  -> New best: 0.4225
  Epoch 6 [0/272] loss=4.0352 acc=51.0%
  Epoch 6 [100/272] loss=4.3753 acc=48.9%
  Epoch 6 [200/272] loss=4.2940 acc=48.4%
Epoch 6/59 (31s) train_loss=4.2618 train_acc=0.4813 val_loss=4.6730 val_acc=0.4331 val_top5=0.6023 head=0.453 mid=0.018 tail=0.005 lr=0.000193
  -> New best: 0.4331
  Epoch 7 [0/272] loss=3.9708 acc=55.7%
  Epoch 7 [100/272] loss=4.1596 acc=51.9%
  Epoch 7 [200/272] loss=4.2087 acc=50.9%
Epoch 7/59 (31s) train_loss=4.1240 train_acc=0.5084 val_loss=4.6722 val_acc=0.4462 val_top5=0.6086 head=0.467 mid=0.018 tail=0.005 lr=0.000191
  -> New best: 0.4462
  Epoch 8 [0/272] loss=3.8452 acc=54.7%
  Epoch 8 [100/272] loss=4.1133 acc=54.4%
  Epoch 8 [200/272] loss=3.8728 acc=54.1%
Epoch 8/59 (31s) train_loss=3.9912 train_acc=0.5375 val_loss=4.6477 val_acc=0.4424 val_top5=0.6103 head=0.462 mid=0.036 tail=0.005 lr=0.000189
  Epoch 9 [0/272] loss=3.6898 acc=62.0%
  Epoch 9 [100/272] loss=3.7353 acc=57.7%
  Epoch 9 [200/272] loss=3.9528 acc=56.8%
Epoch 9/59 (31s) train_loss=3.8717 train_acc=0.5656 val_loss=4.6469 val_acc=0.4536 val_top5=0.6156 head=0.474 mid=0.042 tail=0.014 lr=0.000187
  -> New best: 0.4536
  Epoch 10 [0/272] loss=3.5251 acc=64.6%
  Epoch 10 [100/272] loss=3.7140 acc=59.6%
  Epoch 10 [200/272] loss=3.6722 acc=59.1%
Epoch 10/59 (31s) train_loss=3.7668 train_acc=0.5906 val_loss=4.5654 val_acc=0.4676 val_top5=0.6326 head=0.487 mid=0.072 tail=0.024 lr=0.000184
  -> New best: 0.4676
  Epoch 11 [0/272] loss=3.5883 acc=64.1%
  Epoch 11 [100/272] loss=3.6956 acc=63.5%
  Epoch 11 [200/272] loss=3.7127 acc=62.2%
Epoch 11/59 (31s) train_loss=3.6619 train_acc=0.6178 val_loss=4.5804 val_acc=0.4689 val_top5=0.6354 head=0.490 mid=0.042 tail=0.009 lr=0.000181
  -> New best: 0.4689
  Epoch 12 [0/272] loss=3.4822 acc=65.6%
  Epoch 12 [100/272] loss=3.4035 acc=65.3%
  Epoch 12 [200/272] loss=3.6526 acc=64.6%
Epoch 12/59 (31s) train_loss=3.5721 train_acc=0.6402 val_loss=4.6104 val_acc=0.4704 val_top5=0.6336 head=0.490 mid=0.078 tail=0.024 lr=0.000178
  -> New best: 0.4704
  Epoch 13 [0/272] loss=3.4838 acc=65.6%
  Epoch 13 [100/272] loss=3.2406 acc=67.7%
  Epoch 13 [200/272] loss=3.4851 acc=66.8%
Epoch 13/59 (31s) train_loss=3.4891 train_acc=0.6625 val_loss=4.6470 val_acc=0.4635 val_top5=0.6260 head=0.483 mid=0.054 tail=0.033 lr=0.000174
  Epoch 14 [0/272] loss=3.3095 acc=72.4%
  Epoch 14 [100/272] loss=3.3910 acc=69.5%
  Epoch 14 [200/272] loss=3.3958 acc=68.7%
Epoch 14/59 (31s) train_loss=3.4160 train_acc=0.6811 val_loss=4.6438 val_acc=0.4695 val_top5=0.6274 head=0.489 mid=0.078 tail=0.038 lr=0.000171
  Epoch 15 [0/272] loss=3.2044 acc=74.5%
  Epoch 15 [100/272] loss=3.4514 acc=71.9%
  Epoch 15 [200/272] loss=3.4204 acc=71.2%
Epoch 15/59 (31s) train_loss=3.3314 train_acc=0.7067 val_loss=4.6104 val_acc=0.4766 val_top5=0.6351 head=0.497 mid=0.072 tail=0.024 lr=0.000167
  -> New best: 0.4766
  Epoch 16 [0/272] loss=3.2827 acc=67.7%
  Epoch 16 [100/272] loss=3.2992 acc=73.2%
  Epoch 16 [200/272] loss=3.1430 acc=72.7%
Epoch 16/59 (32s) train_loss=3.2745 train_acc=0.7236 val_loss=4.6346 val_acc=0.4792 val_top5=0.6370 head=0.499 mid=0.066 tail=0.033 lr=0.000163
  -> New best: 0.4792
  Epoch 17 [0/272] loss=3.1132 acc=75.0%
  Epoch 17 [100/272] loss=3.2576 acc=75.6%
  Epoch 17 [200/272] loss=3.2905 acc=74.5%
Epoch 17/59 (31s) train_loss=3.2056 train_acc=0.7395 val_loss=4.6478 val_acc=0.4805 val_top5=0.6342 head=0.500 mid=0.090 tail=0.028 lr=0.000159
  -> New best: 0.4805
  Epoch 18 [0/272] loss=3.2765 acc=71.4%
  Epoch 18 [100/272] loss=3.0922 acc=77.2%
  Epoch 18 [200/272] loss=3.2246 acc=76.9%
Epoch 18/59 (31s) train_loss=3.1396 train_acc=0.7610 val_loss=4.6698 val_acc=0.4799 val_top5=0.6350 head=0.500 mid=0.096 tail=0.033 lr=0.000155
  Epoch 19 [0/272] loss=3.0563 acc=79.7%
  Epoch 19 [100/272] loss=3.1649 acc=78.9%
  Epoch 19 [200/272] loss=3.2575 acc=78.2%
Epoch 19/59 (31s) train_loss=3.0927 train_acc=0.7774 val_loss=4.6625 val_acc=0.4852 val_top5=0.6371 head=0.505 mid=0.114 tail=0.024 lr=0.000150
  -> New best: 0.4852
  Epoch 20 [0/272] loss=2.9347 acc=85.4%
  Epoch 20 [100/272] loss=3.0334 acc=80.7%
  Epoch 20 [200/272] loss=2.9874 acc=79.9%
Epoch 20/59 (31s) train_loss=3.0322 train_acc=0.7941 val_loss=4.6790 val_acc=0.4841 val_top5=0.6360 head=0.505 mid=0.054 tail=0.033 lr=0.000146
  Epoch 21 [0/272] loss=2.8208 acc=84.4%
  Epoch 21 [100/272] loss=3.1327 acc=81.9%
  Epoch 21 [200/272] loss=2.9358 acc=81.3%
Epoch 21/59 (31s) train_loss=2.9867 train_acc=0.8087 val_loss=4.6514 val_acc=0.4897 val_top5=0.6357 head=0.511 mid=0.066 tail=0.028 lr=0.000141
  -> New best: 0.4897
  Epoch 22 [0/272] loss=3.0152 acc=84.4%
  Epoch 22 [100/272] loss=2.8641 acc=83.5%
  Epoch 22 [200/272] loss=2.8919 acc=82.7%
Epoch 22/59 (31s) train_loss=2.9408 train_acc=0.8223 val_loss=4.6959 val_acc=0.4875 val_top5=0.6373 head=0.507 mid=0.078 tail=0.057 lr=0.000136
  Epoch 23 [0/272] loss=2.8667 acc=85.4%
  Epoch 23 [100/272] loss=2.9030 acc=84.6%
  Epoch 23 [200/272] loss=2.8837 acc=84.2%
Epoch 23/59 (31s) train_loss=2.8973 train_acc=0.8368 val_loss=4.7074 val_acc=0.4877 val_top5=0.6352 head=0.508 mid=0.090 tail=0.042 lr=0.000131
  Epoch 24 [0/272] loss=2.7595 acc=90.6%
  Epoch 24 [100/272] loss=2.8384 acc=85.8%
  Epoch 24 [200/272] loss=2.8306 acc=85.1%
Epoch 24/59 (31s) train_loss=2.8665 train_acc=0.8467 val_loss=4.7108 val_acc=0.4889 val_top5=0.6367 head=0.509 mid=0.108 tail=0.042 lr=0.000126
  Epoch 25 [0/272] loss=2.8476 acc=88.5%
  Epoch 25 [100/272] loss=2.8683 acc=86.5%
  Epoch 25 [200/272] loss=2.8245 acc=85.9%
Epoch 25/59 (31s) train_loss=2.8248 train_acc=0.8587 val_loss=4.6964 val_acc=0.4966 val_top5=0.6426 head=0.517 mid=0.096 tail=0.042 lr=0.000121
  -> New best: 0.4966
  Epoch 26 [0/272] loss=2.9482 acc=83.9%
  Epoch 26 [100/272] loss=2.7824 acc=88.1%
  Epoch 26 [200/272] loss=2.7547 acc=87.5%
Epoch 26/59 (31s) train_loss=2.7903 train_acc=0.8711 val_loss=4.6912 val_acc=0.4938 val_top5=0.6406 head=0.514 mid=0.102 tail=0.033 lr=0.000116
  Epoch 27 [0/272] loss=2.7110 acc=90.6%
  Epoch 27 [100/272] loss=2.7764 acc=88.6%
  Epoch 27 [200/272] loss=2.7823 acc=88.3%
Epoch 27/59 (32s) train_loss=2.7626 train_acc=0.8799 val_loss=4.6922 val_acc=0.4940 val_top5=0.6413 head=0.514 mid=0.090 tail=0.057 lr=0.000111
  Epoch 28 [0/272] loss=2.6625 acc=92.7%
  Epoch 28 [100/272] loss=2.7866 acc=88.9%
  Epoch 28 [200/272] loss=2.6330 acc=88.8%
Epoch 28/59 (31s) train_loss=2.7439 train_acc=0.8854 val_loss=4.6654 val_acc=0.4996 val_top5=0.6464 head=0.520 mid=0.090 tail=0.042 lr=0.000106
  -> New best: 0.4996
  Epoch 29 [0/272] loss=2.7340 acc=90.6%
  Epoch 29 [100/272] loss=2.7119 acc=90.1%
  Epoch 29 [200/272] loss=2.7609 acc=89.6%
Epoch 29/59 (32s) train_loss=2.7172 train_acc=0.8933 val_loss=4.6918 val_acc=0.4926 val_top5=0.6418 head=0.513 mid=0.072 tail=0.038 lr=0.000101
  Epoch 30 [0/272] loss=2.6556 acc=88.5%
  Epoch 30 [100/272] loss=2.6710 acc=90.6%
  Epoch 30 [200/272] loss=2.6301 acc=90.1%
Epoch 30/59 (31s) train_loss=2.6964 train_acc=0.8989 val_loss=4.6660 val_acc=0.4992 val_top5=0.6402 head=0.520 mid=0.072 tail=0.057 lr=0.000095
  Epoch 31 [0/272] loss=2.7468 acc=90.1%
  Epoch 31 [100/272] loss=2.6608 acc=91.0%
  Epoch 31 [200/272] loss=2.8312 acc=90.8%
Epoch 31/59 (31s) train_loss=2.6770 train_acc=0.9051 val_loss=4.6145 val_acc=0.5028 val_top5=0.6520 head=0.523 mid=0.108 tail=0.057 lr=0.000090
  -> New best: 0.5028
  Epoch 32 [0/272] loss=2.6375 acc=91.7%
  Epoch 32 [100/272] loss=2.6459 acc=91.7%
  Epoch 32 [200/272] loss=2.6737 acc=91.3%
Epoch 32/59 (31s) train_loss=2.6586 train_acc=0.9114 val_loss=4.6470 val_acc=0.5023 val_top5=0.6438 head=0.523 mid=0.096 tail=0.047 lr=0.000085
  Epoch 33 [0/272] loss=2.7024 acc=89.1%
  Epoch 33 [100/272] loss=2.7239 acc=91.8%
  Epoch 33 [200/272] loss=2.5939 acc=91.6%
Epoch 33/59 (31s) train_loss=2.6403 train_acc=0.9152 val_loss=4.6429 val_acc=0.5040 val_top5=0.6475 head=0.525 mid=0.090 tail=0.047 lr=0.000080
  -> New best: 0.5040
  Epoch 34 [0/272] loss=2.6291 acc=91.1%
  Epoch 34 [100/272] loss=2.6332 acc=92.3%
  Epoch 34 [200/272] loss=2.7275 acc=92.1%
Epoch 34/59 (32s) train_loss=2.6221 train_acc=0.9204 val_loss=4.6115 val_acc=0.5084 val_top5=0.6503 head=0.529 mid=0.084 tail=0.052 lr=0.000075
  -> New best: 0.5084
  Epoch 35 [0/272] loss=2.6831 acc=88.5%
  Epoch 35 [100/272] loss=2.5955 acc=92.8%
  Epoch 35 [200/272] loss=2.7063 acc=92.6%
Epoch 35/59 (31s) train_loss=2.6078 train_acc=0.9243 val_loss=4.6060 val_acc=0.5124 val_top5=0.6520 head=0.532 mid=0.114 tail=0.061 lr=0.000070
  -> New best: 0.5124
  Epoch 36 [0/272] loss=2.6046 acc=93.8%
  Epoch 36 [100/272] loss=2.6644 acc=93.0%
  Epoch 36 [200/272] loss=2.5969 acc=92.9%
Epoch 36/59 (31s) train_loss=2.5945 train_acc=0.9278 val_loss=4.6274 val_acc=0.5055 val_top5=0.6466 head=0.526 mid=0.096 tail=0.052 lr=0.000065
  Epoch 37 [0/272] loss=2.5298 acc=93.8%
  Epoch 37 [100/272] loss=2.5859 acc=93.2%
  Epoch 37 [200/272] loss=2.5169 acc=93.3%
Epoch 37/59 (31s) train_loss=2.5769 train_acc=0.9323 val_loss=4.6212 val_acc=0.5080 val_top5=0.6473 head=0.529 mid=0.102 tail=0.042 lr=0.000060
  Epoch 38 [0/272] loss=2.5766 acc=93.8%
  Epoch 38 [100/272] loss=2.5834 acc=93.8%
  Epoch 38 [200/272] loss=2.6364 acc=93.6%
Epoch 38/59 (31s) train_loss=2.5692 train_acc=0.9339 val_loss=4.6248 val_acc=0.5091 val_top5=0.6498 head=0.529 mid=0.102 tail=0.057 lr=0.000055
  Epoch 39 [0/272] loss=2.5409 acc=94.3%
  Epoch 39 [100/272] loss=2.5111 acc=93.7%
  Epoch 39 [200/272] loss=2.5324 acc=93.9%
Epoch 39/59 (31s) train_loss=2.5569 train_acc=0.9377 val_loss=4.6214 val_acc=0.5049 val_top5=0.6491 head=0.525 mid=0.127 tail=0.047 lr=0.000051
  Epoch 40 [0/272] loss=2.4663 acc=96.4%
  Epoch 40 [100/272] loss=2.6082 acc=94.1%
  Epoch 40 [200/272] loss=2.5136 acc=94.0%
Epoch 40/59 (31s) train_loss=2.5487 train_acc=0.9391 val_loss=4.5957 val_acc=0.5078 val_top5=0.6518 head=0.529 mid=0.072 tail=0.057 lr=0.000046
  Epoch 41 [0/272] loss=2.5358 acc=94.8%
  Epoch 41 [100/272] loss=2.5290 acc=94.8%
  Epoch 41 [200/272] loss=2.4950 acc=94.6%
Epoch 41/59 (31s) train_loss=2.5306 train_acc=0.9445 val_loss=4.6019 val_acc=0.5090 val_top5=0.6476 head=0.530 mid=0.084 tail=0.042 lr=0.000042
  Epoch 42 [0/272] loss=2.5480 acc=91.7%
  Epoch 42 [100/272] loss=2.6019 acc=94.4%
  Epoch 42 [200/272] loss=2.5675 acc=94.3%
Epoch 42/59 (31s) train_loss=2.5292 train_acc=0.9430 val_loss=4.6058 val_acc=0.5099 val_top5=0.6507 head=0.531 mid=0.084 tail=0.038 lr=0.000038
  Epoch 43 [0/272] loss=2.5418 acc=93.2%
  Epoch 43 [100/272] loss=2.4612 acc=94.8%
  Epoch 43 [200/272] loss=2.4154 acc=94.7%
Epoch 43/59 (31s) train_loss=2.5139 train_acc=0.9469 val_loss=4.5922 val_acc=0.5132 val_top5=0.6486 head=0.534 mid=0.102 tail=0.038 lr=0.000034
  -> New best: 0.5132
  Epoch 44 [0/272] loss=2.4756 acc=97.4%
  Epoch 44 [100/272] loss=2.5281 acc=95.0%
  Epoch 44 [200/272] loss=2.5475 acc=94.9%
Epoch 44/59 (31s) train_loss=2.5049 train_acc=0.9488 val_loss=4.5840 val_acc=0.5119 val_top5=0.6537 head=0.533 mid=0.108 tail=0.042 lr=0.000030
  Epoch 45 [0/272] loss=2.4840 acc=95.8%
  Epoch 45 [100/272] loss=2.5882 acc=95.0%
  Epoch 45 [200/272] loss=2.4449 acc=95.0%
Epoch 45/59 (31s) train_loss=2.5012 train_acc=0.9494 val_loss=4.6081 val_acc=0.5091 val_top5=0.6495 head=0.530 mid=0.090 tail=0.042 lr=0.000027
  Epoch 46 [0/272] loss=2.5484 acc=93.2%
  Epoch 46 [100/272] loss=2.4207 acc=95.4%
  Epoch 46 [200/272] loss=2.5103 acc=95.2%
Epoch 46/59 (31s) train_loss=2.4927 train_acc=0.9514 val_loss=4.5783 val_acc=0.5155 val_top5=0.6545 head=0.536 mid=0.120 tail=0.042 lr=0.000023
  -> New best: 0.5155
  Epoch 47 [0/272] loss=2.5162 acc=94.3%
  Epoch 47 [100/272] loss=2.4892 acc=95.6%
  Epoch 47 [200/272] loss=2.5140 acc=95.5%
Epoch 47/59 (31s) train_loss=2.4826 train_acc=0.9538 val_loss=4.5748 val_acc=0.5158 val_top5=0.6537 head=0.536 mid=0.114 tail=0.052 lr=0.000020
  -> New best: 0.5158
  Epoch 48 [0/272] loss=2.4309 acc=96.9%
  Epoch 48 [100/272] loss=2.4864 acc=95.3%
  Epoch 48 [200/272] loss=2.5361 acc=95.3%
Epoch 48/59 (31s) train_loss=2.4815 train_acc=0.9532 val_loss=4.5828 val_acc=0.5157 val_top5=0.6552 head=0.536 mid=0.114 tail=0.052 lr=0.000017
  Epoch 49 [0/272] loss=2.4329 acc=97.4%
  Epoch 49 [100/272] loss=2.4249 acc=95.5%
  Epoch 49 [200/272] loss=2.6175 acc=95.4%
Epoch 49/59 (31s) train_loss=2.4786 train_acc=0.9535 val_loss=4.5716 val_acc=0.5163 val_top5=0.6584 head=0.537 mid=0.120 tail=0.047 lr=0.000014
  -> New best: 0.5163
  Epoch 50 [0/272] loss=2.4368 acc=96.4%
  Epoch 50 [100/272] loss=2.5354 acc=95.6%
  Epoch 50 [200/272] loss=2.4420 acc=95.7%
Epoch 50/59 (31s) train_loss=2.4720 train_acc=0.9567 val_loss=4.5641 val_acc=0.5180 val_top5=0.6577 head=0.539 mid=0.108 tail=0.052 lr=0.000012
  -> New best: 0.5180
  Epoch 51 [0/272] loss=2.4314 acc=96.9%
  Epoch 51 [100/272] loss=2.4568 acc=95.7%
  Epoch 51 [200/272] loss=2.4524 acc=95.6%
Epoch 51/59 (31s) train_loss=2.4684 train_acc=0.9566 val_loss=4.5720 val_acc=0.5164 val_top5=0.6565 head=0.537 mid=0.120 tail=0.052 lr=0.000010
  Epoch 52 [0/272] loss=2.4510 acc=95.3%
  Epoch 52 [100/272] loss=2.4335 acc=95.8%
  Epoch 52 [200/272] loss=2.4931 acc=95.9%
Epoch 52/59 (31s) train_loss=2.4619 train_acc=0.9586 val_loss=4.5752 val_acc=0.5162 val_top5=0.6562 head=0.537 mid=0.114 tail=0.047 lr=0.000008
  Epoch 53 [0/272] loss=2.5209 acc=94.3%
  Epoch 53 [100/272] loss=2.3809 acc=95.8%
  Epoch 53 [200/272] loss=2.4647 acc=95.6%
Epoch 53/59 (32s) train_loss=2.4632 train_acc=0.9569 val_loss=4.5707 val_acc=0.5184 val_top5=0.6552 head=0.539 mid=0.108 tail=0.057 lr=0.000006
  -> New best: 0.5184
  Epoch 54 [0/272] loss=2.4429 acc=95.8%
  Epoch 54 [100/272] loss=2.4938 acc=96.0%
  Epoch 54 [200/272] loss=2.4487 acc=95.9%
Epoch 54/59 (31s) train_loss=2.4567 train_acc=0.9588 val_loss=4.5693 val_acc=0.5178 val_top5=0.6572 head=0.538 mid=0.114 tail=0.052 lr=0.000004
  Epoch 55 [0/272] loss=2.4276 acc=97.9%
  Epoch 55 [100/272] loss=2.3830 acc=95.9%
  Epoch 55 [200/272] loss=2.5364 acc=95.9%
Epoch 55/59 (31s) train_loss=2.4565 train_acc=0.9582 val_loss=4.5706 val_acc=0.5196 val_top5=0.6565 head=0.540 mid=0.114 tail=0.052 lr=0.000003
  -> New best: 0.5196
  Epoch 56 [0/272] loss=2.4318 acc=97.4%
  Epoch 56 [100/272] loss=2.4260 acc=96.0%
  Epoch 56 [200/272] loss=2.4418 acc=96.0%
Epoch 56/59 (31s) train_loss=2.4540 train_acc=0.9599 val_loss=4.5678 val_acc=0.5184 val_top5=0.6561 head=0.539 mid=0.120 tail=0.057 lr=0.000002
  Epoch 57 [0/272] loss=2.4626 acc=96.4%
  Epoch 57 [100/272] loss=2.4618 acc=95.9%
  Epoch 57 [200/272] loss=2.4371 acc=95.9%
Epoch 57/59 (31s) train_loss=2.4551 train_acc=0.9588 val_loss=4.5719 val_acc=0.5181 val_top5=0.6550 head=0.539 mid=0.114 tail=0.052 lr=0.000002
  Epoch 58 [0/272] loss=2.4612 acc=95.8%
  Epoch 58 [100/272] loss=2.4691 acc=96.0%
  Epoch 58 [200/272] loss=2.5094 acc=95.9%
Epoch 58/59 (31s) train_loss=2.4543 train_acc=0.9594 val_loss=4.5648 val_acc=0.5193 val_top5=0.6560 head=0.540 mid=0.120 tail=0.057 lr=0.000001
  Epoch 59 [0/272] loss=2.3915 acc=96.9%
  Epoch 59 [100/272] loss=2.3846 acc=95.8%
  Epoch 59 [200/272] loss=2.4411 acc=95.8%
Epoch 59/59 (31s) train_loss=2.4538 train_acc=0.9586 val_loss=4.5716 val_acc=0.5192 val_top5=0.6548 head=0.540 mid=0.120 tail=0.052 lr=0.000001

Training complete. Best val acc: 0.5196
Best model: /home/apulis-dev/userdata/lbh/danc/runs/recognize_v5_uniform/best.pt
